git remote add origin https://github.com/anjali1841/NewRepoInterviewQA.git                -----------COPY

git remote add origin https://github.com/anjali1841/Firstjava.gitc
-----------------------------------------------------------------------------------------------------------------------------------------------------------------------

poloju.anjali@LTPCHE102489776 MINGW64 ~/Documents/JAVA Interview QA'S
$ git init
Initialized empty Git repository in C:/Users/poloju.anjali/Documents/JAVA Interv
iew QA'S/.git/


poloju.anjali@LTPCHE102489776 MINGW64 ~/Documents/JAVA Interview QA'S (master)
$ git status
On branch master

No commits yet

Untracked files:
  (use "git add <file>..." to include in what will be committed)
        240_CORE_JAVA_INTERVIEW_QUESTIONS_AND_ANSWERS_1664692373 (1).pdf
        Interview_programs.txt
        Java Notes 4.pdf

nothing added to commit but untracked files present (use "git add" to track)

poloju.anjali@LTPCHE102489776 MINGW64 ~/Documents/JAVA Interview QA'S (master)
$ git add -A

poloju.anjali@LTPCHE102489776 MINGW64 ~/Documents/JAVA Interview QA'S (master)
$ git add --A
error: unknown option `A'
usage: git add [<options>] [--] <pathspec>...

    -n, --[no-]dry-run    dry run
    -v, --[no-]verbose    be verbose

    -i, --[no-]interactive
                          interactive picking
    -p, --[no-]patch      select hunks interactively
    -e, --[no-]edit       edit current diff and apply
    -f, --[no-]force      allow adding otherwise ignored files
    -u, --[no-]update     update tracked files
    --[no-]renormalize    renormalize EOL of tracked files (implies -u)
    -N, --[no-]intent-to-add
                          record only the fact that the path will be added later
    -A, --[no-]all        add changes from all tracked and untracked files
    --[no-]ignore-removal ignore paths removed in the working tree (same as --no
-all)
    --[no-]refresh        don't add, only refresh the index
    --[no-]ignore-errors  just skip files which cannot be added because of error
s
    --[no-]ignore-missing check if - even missing - files are ignored in dry run
    --[no-]sparse         allow updating entries outside of the sparse-checkout
cone
    --[no-]chmod (+|-)x   override the executable bit of the listed files
    --[no-]pathspec-from-file <file>
                          read pathspec from file
    --[no-]pathspec-file-nul
                          with --pathspec-from-file, pathspec elements are separ
ated with NUL character


poloju.anjali@LTPCHE102489776 MINGW64 ~/Documents/JAVA Interview QA'S (master)
$ git add -A

poloju.anjali@LTPCHE102489776 MINGW64 ~/Documents/JAVA Interview QA'S (master)
$ git add _A
fatal: pathspec '_A' did not match any files

poloju.anjali@LTPCHE102489776 MINGW64 ~/Documents/JAVA Interview QA'S (master)
$ git status
On branch master

No commits yet

Changes to be committed:
  (use "git rm --cached <file>..." to unstage)
        new file:   240_CORE_JAVA_INTERVIEW_QUESTIONS_AND_ANSWERS_1664692373 (1)
.pdf
        new file:   Interview_programs.txt
        new file:   Java Notes 4.pdf


poloju.anjali@LTPCHE102489776 MINGW64 ~/Documents/JAVA Interview QA'S (master)
$ git commit -m "JAVA Intreview QA's"
[master (root-commit) e350777] JAVA Intreview QA's
 Committer: Poloju Anjali <poloju.anjali@mphasis.com>
Your name and email address were configured automatically based
on your username and hostname. Please check that they are accurate.
You can suppress this message by setting them explicitly. Run the
following command and follow the instructions in your editor to edit
your configuration file:

    git config --global --edit

After doing this, you may fix the identity used for this commit with:

    git commit --amend --reset-author

 3 files changed, 39545 insertions(+)
 create mode 100644 240_CORE_JAVA_INTERVIEW_QUESTIONS_AND_ANSWERS_1664692373 (1)
.pdf
 create mode 100644 Interview_programs.txt
 create mode 100644 Java Notes 4.pdf

poloju.anjali@LTPCHE102489776 MINGW64 ~/Documents/JAVA Interview QA'S (master)
$ git remote add origin https://github.com/anjali1841/NewRepoInterviewQA.git    
poloju.anjali@LTPCHE102489776 MINGW64 ~/Documents/JAVA Interview QA'S (master)
$ git push origin master
info: please complete authentication in your browser...
Enumerating objects: 5, done.
Counting objects: 100% (5/5), done.
Delta compression using up to 8 threads
Compressing objects: 100% (5/5), done.
Writing objects: 100% (5/5), 1.59 MiB | 705.00 KiB/s, done.
Total 5 (delta 0), reused 0 (delta 0), pack-reused 0 (from 0)
To https://github.com/anjali1841/NewRepoInterviewQA.git
 * [new branch]      master -> master

poloju.anjali@LTPCHE102489776 MINGW64 ~/Documents/JAVA Interview QA'S (master)
$
